// Jest Snapshot v1, https://goo.gl/fbAQLP

exports[`Registration Tests - render snapshot 1`] = `
Object {
  "asFragment": [Function],
  "baseElement": <body>
    <div>
      <div
        class="ContainerRegistration"
      >
        <div
          class="ContainerRegistration_header"
        >
          Registration Panel
        </div>
        <div
          class="ContainerRegistration_main"
        >
          <div
            class="ContainerRegistration_main-form"
          >
            <form>
              <div
                class="ContainerLogin_main-form-input"
              >
                <label
                  style="margin: 15px;"
                >
                  Enter your email:
                </label>
                <input
                  class="inputLogin"
                  name="email"
                  placeholder="user@domain.com"
                  type="email"
                />
              </div>
              <span
                data-testid="span-validationEmail-message"
                style="color: red; font-size: 14px;"
              />
              <div
                class="ContainerRegistration_main-form-input"
              >
                <label
                  style="margin: 15px;"
                >
                  Enter your user name:
                </label>
                <input
                  class="inputLogin"
                  name="username"
                  placeholder="username"
                  type="text"
                />
              </div>
              <span
                data-testid="span-validationUsername-message"
                style="color: red; font-size: 14px;"
              />
              <div
                class="ContainerRegistration_main-form-input"
              >
                <label
                  style="margin: 15px;"
                >
                  Set your password:
                </label>
                <input
                  class="inputLogin"
                  name="password"
                  placeholder="password"
                  type="password"
                />
                <span
                  data-testid="span-validationPassword-message"
                  style="color: red; font-size: 14px;"
                />
              </div>
              <div
                class="ContainerRegistration_main-form-input"
              >
                <label
                  style="margin: 15px;"
                >
                  Set repeated your password:
                </label>
                <input
                  class="inputLogin"
                  name="repeatPassword"
                  placeholder="repeated your password"
                  type="password"
                />
                <span
                  data-testid="span-validationRepeatPassword-message"
                  style="color: red; font-size: 14px;"
                />
              </div>
              <div
                class="ContainerRegistration_main-form-button"
              >
                <a
                  class="btn_start"
                  href="/"
                  type="submit"
                >
                  Back to the login panel
                </a>
                <button
                  class="btn_createAccount"
                  type="submit"
                >
                  Create account
                </button>
              </div>
            </form>
          </div>
        </div>
        <div
          class="ContainerRegistration_footer"
        />
      </div>
    </div>
  </body>,
  "container": <div>
    <div
      class="ContainerRegistration"
    >
      <div
        class="ContainerRegistration_header"
      >
        Registration Panel
      </div>
      <div
        class="ContainerRegistration_main"
      >
        <div
          class="ContainerRegistration_main-form"
        >
          <form>
            <div
              class="ContainerLogin_main-form-input"
            >
              <label
                style="margin: 15px;"
              >
                Enter your email:
              </label>
              <input
                class="inputLogin"
                name="email"
                placeholder="user@domain.com"
                type="email"
              />
            </div>
            <span
              data-testid="span-validationEmail-message"
              style="color: red; font-size: 14px;"
            />
            <div
              class="ContainerRegistration_main-form-input"
            >
              <label
                style="margin: 15px;"
              >
                Enter your user name:
              </label>
              <input
                class="inputLogin"
                name="username"
                placeholder="username"
                type="text"
              />
            </div>
            <span
              data-testid="span-validationUsername-message"
              style="color: red; font-size: 14px;"
            />
            <div
              class="ContainerRegistration_main-form-input"
            >
              <label
                style="margin: 15px;"
              >
                Set your password:
              </label>
              <input
                class="inputLogin"
                name="password"
                placeholder="password"
                type="password"
              />
              <span
                data-testid="span-validationPassword-message"
                style="color: red; font-size: 14px;"
              />
            </div>
            <div
              class="ContainerRegistration_main-form-input"
            >
              <label
                style="margin: 15px;"
              >
                Set repeated your password:
              </label>
              <input
                class="inputLogin"
                name="repeatPassword"
                placeholder="repeated your password"
                type="password"
              />
              <span
                data-testid="span-validationRepeatPassword-message"
                style="color: red; font-size: 14px;"
              />
            </div>
            <div
              class="ContainerRegistration_main-form-button"
            >
              <a
                class="btn_start"
                href="/"
                type="submit"
              >
                Back to the login panel
              </a>
              <button
                class="btn_createAccount"
                type="submit"
              >
                Create account
              </button>
            </div>
          </form>
        </div>
      </div>
      <div
        class="ContainerRegistration_footer"
      />
    </div>
  </div>,
  "debug": [Function],
  "findAllByAltText": [Function],
  "findAllByDisplayValue": [Function],
  "findAllByLabelText": [Function],
  "findAllByPlaceholderText": [Function],
  "findAllByRole": [Function],
  "findAllByTestId": [Function],
  "findAllByText": [Function],
  "findAllByTitle": [Function],
  "findByAltText": [Function],
  "findByDisplayValue": [Function],
  "findByLabelText": [Function],
  "findByPlaceholderText": [Function],
  "findByRole": [Function],
  "findByTestId": [Function],
  "findByText": [Function],
  "findByTitle": [Function],
  "getAllByAltText": [Function],
  "getAllByDisplayValue": [Function],
  "getAllByLabelText": [Function],
  "getAllByPlaceholderText": [Function],
  "getAllByRole": [Function],
  "getAllByTestId": [Function],
  "getAllByText": [Function],
  "getAllByTitle": [Function],
  "getByAltText": [Function],
  "getByDisplayValue": [Function],
  "getByLabelText": [Function],
  "getByPlaceholderText": [Function],
  "getByRole": [Function],
  "getByTestId": [Function],
  "getByText": [Function],
  "getByTitle": [Function],
  "queryAllByAltText": [Function],
  "queryAllByDisplayValue": [Function],
  "queryAllByLabelText": [Function],
  "queryAllByPlaceholderText": [Function],
  "queryAllByRole": [Function],
  "queryAllByTestId": [Function],
  "queryAllByText": [Function],
  "queryAllByTitle": [Function],
  "queryByAltText": [Function],
  "queryByDisplayValue": [Function],
  "queryByLabelText": [Function],
  "queryByPlaceholderText": [Function],
  "queryByRole": [Function],
  "queryByTestId": [Function],
  "queryByText": [Function],
  "queryByTitle": [Function],
  "rerender": [Function],
  "unmount": [Function],
}
`;
